// Vitest Snapshot v1, https://vitest.dev/guide/snapshot.html

exports[`node10 and Node16 Default Exports Types > mixed Declaration Types 1`] = `
[
  [
    "index.d.cts",
    [
      {
        "code": "export type { A, B, C, Options }",
        "end": 274,
        "exports": " A, B, C, Options",
        "names": [
          "A",
          "B",
          "C",
          "Options",
        ],
        "specifier": undefined,
        "start": 242,
        "type": "named",
      },
    ],
    [],
    "interface A {
    name: string;
}
interface B {
    name: string;
}
interface C {
    name: string;
}
interface Options {
    a?: A;
    b?: B;
    c?: C;
}
declare function plugin(options?: Options): Options;

// @ts-ignore
export = plugin;
export type { A, B, C, Options };
",
    [],
  ],
  [
    "index.d.ts",
    [
      {
        "code": "export type { A, B, C, Options }",
        "end": 274,
        "exports": " A, B, C, Options",
        "names": [
          "A",
          "B",
          "C",
          "Options",
        ],
        "specifier": undefined,
        "start": 242,
        "type": "named",
      },
    ],
    [],
    "interface A {
    name: string;
}
interface B {
    name: string;
}
interface C {
    name: string;
}
interface Options {
    a?: A;
    b?: B;
    c?: C;
}
declare function plugin(options?: Options): Options;

// @ts-ignore
export = plugin;
export type { A, B, C, Options };
",
    [],
  ],
]
`;

exports[`node10 and Node16 Default Exports Types > re-Export Types 1`] = `
[
  [
    "all.d.cts",
    [],
    [
      {
        "code": "export { ResolvedOptions } from './index.cjs'",
        "end": 114,
        "exports": " ResolvedOptions",
        "name": "ResolvedOptions",
        "names": [
          "ResolvedOptions",
        ],
        "specifier": "./index.cjs",
        "start": 69,
        "type": "named",
      },
      {
        "code": "export { A, B, CC as C, CC, Options } from './types.cjs'",
        "end": 172,
        "exports": " A, B, CC as C, CC, Options",
        "names": [
          "A",
          "B",
          "C",
          "CC",
          "Options",
        ],
        "specifier": "./types.cjs",
        "start": 116,
        "type": "named",
      },
    ],
    "import _default from './index.cjs';
// @ts-ignore
export = _default;
export { ResolvedOptions } from './index.cjs';
export { A, B, CC as C, CC, Options } from './types.cjs';
",
    [
      {
        "code": "import _default from './index.cjs';
",
        "end": 36,
        "imports": "_default ",
        "specifier": "./index.cjs",
        "start": 0,
        "type": "static",
      },
    ],
  ],
  [
    "all.d.ts",
    [],
    [
      {
        "code": "export { ResolvedOptions } from './index.js'",
        "end": 112,
        "exports": " ResolvedOptions",
        "name": "ResolvedOptions",
        "names": [
          "ResolvedOptions",
        ],
        "specifier": "./index.js",
        "start": 68,
        "type": "named",
      },
      {
        "code": "export { A, B, CC as C, CC, Options } from './types.js'",
        "end": 169,
        "exports": " A, B, CC as C, CC, Options",
        "names": [
          "A",
          "B",
          "C",
          "CC",
          "Options",
        ],
        "specifier": "./types.js",
        "start": 114,
        "type": "named",
      },
    ],
    "import _default from './index.js';
// @ts-ignore
export = _default;
export { ResolvedOptions } from './index.js';
export { A, B, CC as C, CC, Options } from './types.js';
",
    [
      {
        "code": "import _default from './index.js';
",
        "end": 35,
        "imports": "_default ",
        "specifier": "./index.js",
        "start": 0,
        "type": "static",
      },
    ],
  ],
  [
    "index.d.cts",
    [],
    [
      {
        "code": "export { A, B, CC as C, CC } from './types.cjs'",
        "end": 86,
        "exports": " A, B, CC as C, CC",
        "names": [
          "A",
          "B",
          "C",
          "CC",
        ],
        "specifier": "./types.cjs",
        "start": 39,
        "type": "named",
      },
      {
        "code": "export { Options, type ResolvedOptions }",
        "end": 286,
        "exports": " Options, type ResolvedOptions",
        "name": "Options",
        "names": [
          "Options",
        ],
        "specifier": undefined,
        "start": 246,
        "type": "named",
      },
    ],
    "import { Options } from './types.cjs';
export { A, B, CC as C, CC } from './types.cjs';

interface ResolvedOptions extends Options {
    name: string;
}
declare function plugin(options?: Options): ResolvedOptions;

// @ts-ignore
export = plugin;
export { Options, type ResolvedOptions };
",
    [
      {
        "code": "import { Options } from './types.cjs';
",
        "end": 39,
        "imports": "{ Options } ",
        "specifier": "./types.cjs",
        "start": 0,
        "type": "static",
      },
    ],
  ],
  [
    "index.d.ts",
    [],
    [
      {
        "code": "export { A, B, CC as C, CC } from './types.js'",
        "end": 84,
        "exports": " A, B, CC as C, CC",
        "names": [
          "A",
          "B",
          "C",
          "CC",
        ],
        "specifier": "./types.js",
        "start": 38,
        "type": "named",
      },
      {
        "code": "export { Options, type ResolvedOptions }",
        "end": 284,
        "exports": " Options, type ResolvedOptions",
        "name": "Options",
        "names": [
          "Options",
        ],
        "specifier": undefined,
        "start": 244,
        "type": "named",
      },
    ],
    "import { Options } from './types.js';
export { A, B, CC as C, CC } from './types.js';

interface ResolvedOptions extends Options {
    name: string;
}
declare function plugin(options?: Options): ResolvedOptions;

// @ts-ignore
export = plugin;
export { Options, type ResolvedOptions };
",
    [
      {
        "code": "import { Options } from './types.js';
",
        "end": 38,
        "imports": "{ Options } ",
        "specifier": "./types.js",
        "start": 0,
        "type": "static",
      },
    ],
  ],
  [
    "types.d.cts",
    [
      {
        "code": "export type { A, B, C, C as CC, Options }",
        "end": 200,
        "exports": " A, B, C, C as CC, Options",
        "names": [
          "A",
          "B",
          "C",
          "CC",
          "Options",
        ],
        "specifier": undefined,
        "start": 159,
        "type": "named",
      },
    ],
    [],
    "interface A {
    name: string;
}
interface B {
    name: string;
}
interface C {
    name: string;
}

interface Options {
    a?: A;
    b?: B;
    c?: C;
}

export type { A, B, C, C as CC, Options };
",
    [],
  ],
  [
    "types.d.ts",
    [
      {
        "code": "export type { A, B, C, C as CC, Options }",
        "end": 200,
        "exports": " A, B, C, C as CC, Options",
        "names": [
          "A",
          "B",
          "C",
          "CC",
          "Options",
        ],
        "specifier": undefined,
        "start": 159,
        "type": "named",
      },
    ],
    [],
    "interface A {
    name: string;
}
interface B {
    name: string;
}
interface C {
    name: string;
}

interface Options {
    a?: A;
    b?: B;
    c?: C;
}

export type { A, B, C, C as CC, Options };
",
    [],
  ],
]
`;

exports[`node10 and Node16 Default Exports Types > re-Export as default 1`] = `
[
  [
    "asdefault.d.cts",
    [],
    [],
    "import { resolve } from 'pathe';
export = resolve;
",
    [
      {
        "code": "import { resolve } from 'pathe';
",
        "end": 33,
        "imports": "{ resolve } ",
        "specifier": "pathe",
        "start": 0,
        "type": "static",
      },
    ],
  ],
  [
    "asdefault.d.ts",
    [],
    [],
    "import { resolve } from 'pathe';
export = resolve;
",
    [
      {
        "code": "import { resolve } from 'pathe';
",
        "end": 33,
        "imports": "{ resolve } ",
        "specifier": "pathe",
        "start": 0,
        "type": "static",
      },
    ],
  ],
  [
    "defaultclass.d.cts",
    [],
    [],
    "declare class DefaultClass {
    name: string;
    constructor(name: string);
}

export = DefaultClass;
",
    [],
  ],
  [
    "defaultclass.d.ts",
    [],
    [],
    "declare class DefaultClass {
    name: string;
    constructor(name: string);
}

export = DefaultClass;
",
    [],
  ],
  [
    "index.d.cts",
    [],
    [
      {
        "code": "export { MagicStringOptions } from 'magic-string'",
        "end": 125,
        "exports": " MagicStringOptions",
        "name": "MagicStringOptions",
        "names": [
          "MagicStringOptions",
        ],
        "specifier": "magic-string",
        "start": 76,
        "type": "named",
      },
    ],
    "import MagicString from 'magic-string';
// @ts-ignore
export = MagicString;
export { MagicStringOptions } from 'magic-string';
",
    [
      {
        "code": "import MagicString from 'magic-string';
",
        "end": 40,
        "imports": "MagicString ",
        "specifier": "magic-string",
        "start": 0,
        "type": "static",
      },
    ],
  ],
  [
    "index.d.ts",
    [],
    [
      {
        "code": "export { MagicStringOptions } from 'magic-string'",
        "end": 125,
        "exports": " MagicStringOptions",
        "name": "MagicStringOptions",
        "names": [
          "MagicStringOptions",
        ],
        "specifier": "magic-string",
        "start": 76,
        "type": "named",
      },
    ],
    "import MagicString from 'magic-string';
// @ts-ignore
export = MagicString;
export { MagicStringOptions } from 'magic-string';
",
    [
      {
        "code": "import MagicString from 'magic-string';
",
        "end": 40,
        "imports": "MagicString ",
        "specifier": "magic-string",
        "start": 0,
        "type": "static",
      },
    ],
  ],
  [
    "magicstringasdefault.d.cts",
    [],
    [],
    "import _default from 'magic-string';
export = _default;
import 'pathe';
",
    [
      {
        "code": "import _default from 'magic-string';
",
        "end": 37,
        "imports": "_default ",
        "specifier": "magic-string",
        "start": 0,
        "type": "static",
      },
      {
        "code": "import 'pathe';
",
        "end": 72,
        "imports": undefined,
        "specifier": "pathe",
        "start": 56,
        "type": "static",
      },
    ],
  ],
  [
    "magicstringasdefault.d.ts",
    [],
    [],
    "import _default from 'magic-string';
export = _default;
import 'pathe';
",
    [
      {
        "code": "import _default from 'magic-string';
",
        "end": 37,
        "imports": "_default ",
        "specifier": "magic-string",
        "start": 0,
        "type": "static",
      },
      {
        "code": "import 'pathe';
",
        "end": 72,
        "imports": undefined,
        "specifier": "pathe",
        "start": 56,
        "type": "static",
      },
    ],
  ],
  [
    "resolveasdefault.d.cts",
    [],
    [],
    "import { resolve } from 'pathe';
export = resolve;
",
    [
      {
        "code": "import { resolve } from 'pathe';
",
        "end": 33,
        "imports": "{ resolve } ",
        "specifier": "pathe",
        "start": 0,
        "type": "static",
      },
    ],
  ],
  [
    "resolveasdefault.d.ts",
    [],
    [],
    "import { resolve } from 'pathe';
export = resolve;
",
    [
      {
        "code": "import { resolve } from 'pathe';
",
        "end": 33,
        "imports": "{ resolve } ",
        "specifier": "pathe",
        "start": 0,
        "type": "static",
      },
    ],
  ],
]
`;
